<?xml version="1.0" encoding="utf-8"?>
<test-run id="2" testcasecount="65" result="Passed" total="65" passed="65" failed="0" inconclusive="0" skipped="0" asserts="0" engine-version="3.5.0.0" clr-version="4.0.30319.42000" start-time="2026-08-19 22:18:50Z" end-time="2026-08-19 22:18:50Z" duration="0.1007752">
  <test-suite type="TestSuite" id="1000" name="DeedPlanner 3" fullname="DeedPlanner 3" runstate="Runnable" testcasecount="65" result="Passed" start-time="2026-08-19 22:18:50Z" end-time="2026-08-19 22:18:50Z" duration="0.100775" total="65" passed="65" failed="0" inconclusive="0" skipped="0" asserts="0">
    <properties>
      <property name="platform" value="EditMode" />
    </properties>
    <test-suite type="Assembly" id="1014" name="Warlogic.Features.Editor.Tests.dll" fullname="E:/Unity/DeedPlanner-3/Library/ScriptAssemblies/Warlogic.Features.Editor.Tests.dll" runstate="Runnable" testcasecount="4" result="Passed" start-time="2026-08-19 22:18:50Z" end-time="2026-08-19 22:18:50Z" duration="0.025835" total="4" passed="4" failed="0" inconclusive="0" skipped="0" asserts="0">
      <properties>
        <property name="_PID" value="5204" />
        <property name="_APPDOMAIN" value="Unity Child Domain" />
        <property name="platform" value="EditMode" />
        <property name="EditorOnly" value="True" />
      </properties>
      <test-suite type="TestSuite" id="1015" name="Warlogic" fullname="Warlogic" runstate="Runnable" testcasecount="4" result="Passed" start-time="2026-08-19 22:18:50Z" end-time="2026-08-19 22:18:50Z" duration="0.025534" total="4" passed="4" failed="0" inconclusive="0" skipped="0" asserts="0">
        <properties />
        <test-suite type="TestSuite" id="1016" name="Features" fullname="Warlogic.Features" runstate="Runnable" testcasecount="4" result="Passed" start-time="2026-08-19 22:18:50Z" end-time="2026-08-19 22:18:50Z" duration="0.025419" total="4" passed="4" failed="0" inconclusive="0" skipped="0" asserts="0">
          <properties />
          <test-suite type="TestSuite" id="1017" name="Editor" fullname="Warlogic.Features.Editor" runstate="Runnable" testcasecount="4" result="Passed" start-time="2026-08-19 22:18:50Z" end-time="2026-08-19 22:18:50Z" duration="0.025326" total="4" passed="4" failed="0" inconclusive="0" skipped="0" asserts="0">
            <properties />
            <test-suite type="TestSuite" id="1018" name="Tests" fullname="Warlogic.Features.Editor.Tests" runstate="Runnable" testcasecount="4" result="Passed" start-time="2026-08-19 22:18:50Z" end-time="2026-08-19 22:18:50Z" duration="0.025186" total="4" passed="4" failed="0" inconclusive="0" skipped="0" asserts="0">
              <properties />
              <test-suite type="TestFixture" id="1009" name="FeatureStateRepositoryTests" fullname="Warlogic.Features.Editor.Tests.FeatureStateRepositoryTests" classname="Warlogic.Features.Editor.Tests.FeatureStateRepositoryTests" runstate="Runnable" testcasecount="4" result="Passed" start-time="2026-08-19 22:18:50Z" end-time="2026-08-19 22:18:50Z" duration="0.024548" total="4" passed="4" failed="0" inconclusive="0" skipped="0" asserts="0">
                <properties />
                <test-case id="1013" name="IsEnabled_KnownDisabledFeature_ReturnsFalse" fullname="Warlogic.Features.Editor.Tests.FeatureStateRepositoryTests.IsEnabled_KnownDisabledFeature_ReturnsFalse" methodname="IsEnabled_KnownDisabledFeature_ReturnsFalse" classname="Warlogic.Features.Editor.Tests.FeatureStateRepositoryTests" runstate="Runnable" seed="1485606555" result="Passed" start-time="2026-08-19 22:18:50Z" end-time="2026-08-19 22:18:50Z" duration="0.011164" asserts="0">
                  <properties>
                    <property name="retryIteration" value="0" />
                    <property name="repeatIteration" value="0" />
                  </properties>
                </test-case>
                <test-case id="1012" name="IsEnabled_KnownEnabledFeature_ReturnsTrue" fullname="Warlogic.Features.Editor.Tests.FeatureStateRepositoryTests.IsEnabled_KnownEnabledFeature_ReturnsTrue" methodname="IsEnabled_KnownEnabledFeature_ReturnsTrue" classname="Warlogic.Features.Editor.Tests.FeatureStateRepositoryTests" runstate="Runnable" seed="491661708" result="Passed" start-time="2026-08-19 22:18:50Z" end-time="2026-08-19 22:18:50Z" duration="0.000575" asserts="0">
                  <properties>
                    <property name="retryIteration" value="0" />
                    <property name="repeatIteration" value="0" />
                  </properties>
                </test-case>
                <test-case id="1011" name="IsEnabled_UnknownFeature_LogsWarning" fullname="Warlogic.Features.Editor.Tests.FeatureStateRepositoryTests.IsEnabled_UnknownFeature_LogsWarning" methodname="IsEnabled_UnknownFeature_LogsWarning" classname="Warlogic.Features.Editor.Tests.FeatureStateRepositoryTests" runstate="Runnable" seed="445374166" result="Passed" start-time="2026-08-19 22:18:50Z" end-time="2026-08-19 22:18:50Z" duration="0.002059" asserts="0">
                  <properties>
                    <property name="retryIteration" value="0" />
                    <property name="repeatIteration" value="0" />
                  </properties>
                  <output><![CDATA[No feature state found for feature Other
]]></output>
                </test-case>
                <test-case id="1010" name="IsEnabled_UnknownFeature_ReturnsFalse" fullname="Warlogic.Features.Editor.Tests.FeatureStateRepositoryTests.IsEnabled_UnknownFeature_ReturnsFalse" methodname="IsEnabled_UnknownFeature_ReturnsFalse" classname="Warlogic.Features.Editor.Tests.FeatureStateRepositoryTests" runstate="Runnable" seed="1074265977" result="Passed" start-time="2026-08-19 22:18:50Z" end-time="2026-08-19 22:18:50Z" duration="0.000781" asserts="0">
                  <properties>
                    <property name="retryIteration" value="0" />
                    <property name="repeatIteration" value="0" />
                  </properties>
                  <output><![CDATA[No feature state found for feature Other
]]></output>
                </test-case>
              </test-suite>
            </test-suite>
          </test-suite>
        </test-suite>
      </test-suite>
    </test-suite>
    <test-suite type="Assembly" id="1084" name="Warlogic.Utils.Markdown.Editor.Tests.dll" fullname="E:/Unity/DeedPlanner-3/Library/ScriptAssemblies/Warlogic.Utils.Markdown.Editor.Tests.dll" runstate="Runnable" testcasecount="61" result="Passed" start-time="2026-08-19 22:18:50Z" end-time="2026-08-19 22:18:50Z" duration="0.070063" total="61" passed="61" failed="0" inconclusive="0" skipped="0" asserts="0">
      <properties>
        <property name="_PID" value="5204" />
        <property name="_APPDOMAIN" value="Unity Child Domain" />
        <property name="platform" value="EditMode" />
        <property name="EditorOnly" value="True" />
      </properties>
      <test-suite type="TestSuite" id="1085" name="Warlogic" fullname="Warlogic" runstate="Runnable" testcasecount="61" result="Passed" start-time="2026-08-19 22:18:50Z" end-time="2026-08-19 22:18:50Z" duration="0.069077" total="61" passed="61" failed="0" inconclusive="0" skipped="0" asserts="0">
        <properties />
        <test-suite type="TestSuite" id="1086" name="Utils" fullname="Warlogic.Utils" runstate="Runnable" testcasecount="61" result="Passed" start-time="2026-08-19 22:18:50Z" end-time="2026-08-19 22:18:50Z" duration="0.068689" total="61" passed="61" failed="0" inconclusive="0" skipped="0" asserts="0">
          <properties />
          <test-suite type="TestSuite" id="1087" name="Markdown" fullname="Warlogic.Utils.Markdown" runstate="Runnable" testcasecount="61" result="Passed" start-time="2026-08-19 22:18:50Z" end-time="2026-08-19 22:18:50Z" duration="0.068325" total="61" passed="61" failed="0" inconclusive="0" skipped="0" asserts="0">
            <properties />
            <test-suite type="TestSuite" id="1088" name="Tests" fullname="Warlogic.Utils.Markdown.Tests" runstate="Runnable" testcasecount="61" result="Passed" start-time="2026-08-19 22:18:50Z" end-time="2026-08-19 22:18:50Z" duration="0.067896" total="61" passed="61" failed="0" inconclusive="0" skipped="0" asserts="0">
              <properties />
              <test-suite type="TestFixture" id="1019" name="BlockParserTests" fullname="Warlogic.Utils.Markdown.Tests.BlockParserTests" classname="Warlogic.Utils.Markdown.Tests.BlockParserTests" runstate="Runnable" testcasecount="19" result="Passed" start-time="2026-08-19 22:18:50Z" end-time="2026-08-19 22:18:50Z" duration="0.013318" total="19" passed="19" failed="0" inconclusive="0" skipped="0" asserts="0">
                <properties />
                <test-case id="1021" name="Parse_BlankLine_ProducesBlankLineNode" fullname="Warlogic.Utils.Markdown.Tests.BlockParserTests.Parse_BlankLine_ProducesBlankLineNode" methodname="Parse_BlankLine_ProducesBlankLineNode" classname="Warlogic.Utils.Markdown.Tests.BlockParserTests" runstate="Runnable" seed="663310951" result="Passed" start-time="2026-08-19 22:18:50Z" end-time="2026-08-19 22:18:50Z" duration="0.001341" asserts="0">
                  <properties>
                    <property name="retryIteration" value="0" />
                    <property name="repeatIteration" value="0" />
                  </properties>
                </test-case>
                <test-case id="1029" name="Parse_CodeBlockContent_IsStoredRawWithoutInlineParsing" fullname="Warlogic.Utils.Markdown.Tests.BlockParserTests.Parse_CodeBlockContent_IsStoredRawWithoutInlineParsing" methodname="Parse_CodeBlockContent_IsStoredRawWithoutInlineParsing" classname="Warlogic.Utils.Markdown.Tests.BlockParserTests" runstate="Runnable" seed="1102931837" result="Passed" start-time="2026-08-19 22:18:50Z" end-time="2026-08-19 22:18:50Z" duration="0.001438" asserts="0">
                  <properties>
                    <property name="retryIteration" value="0" />
                    <property name="repeatIteration" value="0" />
                  </properties>
                </test-case>
                <test-case id="1027" name="Parse_CodeBlockNoLanguage_ProducesCodeBlockWithEmptyLanguage" fullname="Warlogic.Utils.Markdown.Tests.BlockParserTests.Parse_CodeBlockNoLanguage_ProducesCodeBlockWithEmptyLanguage" methodname="Parse_CodeBlockNoLanguage_ProducesCodeBlockWithEmptyLanguage" classname="Warlogic.Utils.Markdown.Tests.BlockParserTests" runstate="Runnable" seed="980573735" result="Passed" start-time="2026-08-19 22:18:50Z" end-time="2026-08-19 22:18:50Z" duration="0.001457" asserts="0">
                  <properties>
                    <property name="retryIteration" value="0" />
                    <property name="repeatIteration" value="0" />
                  </properties>
                </test-case>
                <test-case id="1028" name="Parse_CodeBlockWithLanguage_CapturesLanguageIdentifier" fullname="Warlogic.Utils.Markdown.Tests.BlockParserTests.Parse_CodeBlockWithLanguage_CapturesLanguageIdentifier" methodname="Parse_CodeBlockWithLanguage_CapturesLanguageIdentifier" classname="Warlogic.Utils.Markdown.Tests.BlockParserTests" runstate="Runnable" seed="1269271681" result="Passed" start-time="2026-08-19 22:18:50Z" end-time="2026-08-19 22:18:50Z" duration="0.000428" asserts="0">
                  <properties>
                    <property name="retryIteration" value="0" />
                    <property name="repeatIteration" value="0" />
                  </properties>
                </test-case>
                <test-case id="1020" name="Parse_EmptyString_ProducesSingleBlankLineNode" fullname="Warlogic.Utils.Markdown.Tests.BlockParserTests.Parse_EmptyString_ProducesSingleBlankLineNode" methodname="Parse_EmptyString_ProducesSingleBlankLineNode" classname="Warlogic.Utils.Markdown.Tests.BlockParserTests" runstate="Runnable" seed="1590798044" result="Passed" start-time="2026-08-19 22:18:50Z" end-time="2026-08-19 22:18:50Z" duration="0.001407" asserts="0">
                  <properties>
                    <property name="retryIteration" value="0" />
                    <property name="repeatIteration" value="0" />
                  </properties>
                </test-case>
                <test-case id="1022" name="Parse_H1_ProducesHeadingNodeWithLevel1" fullname="Warlogic.Utils.Markdown.Tests.BlockParserTests.Parse_H1_ProducesHeadingNodeWithLevel1" methodname="Parse_H1_ProducesHeadingNodeWithLevel1" classname="Warlogic.Utils.Markdown.Tests.BlockParserTests" runstate="Runnable" seed="409570822" result="Passed" start-time="2026-08-19 22:18:50Z" end-time="2026-08-19 22:18:50Z" duration="0.000773" asserts="0">
                  <properties>
                    <property name="retryIteration" value="0" />
                    <property name="repeatIteration" value="0" />
                  </properties>
                </test-case>
                <test-case id="1023" name="Parse_H2_ProducesHeadingNodeWithLevel2" fullname="Warlogic.Utils.Markdown.Tests.BlockParserTests.Parse_H2_ProducesHeadingNodeWithLevel2" methodname="Parse_H2_ProducesHeadingNodeWithLevel2" classname="Warlogic.Utils.Markdown.Tests.BlockParserTests" runstate="Runnable" seed="1705931391" result="Passed" start-time="2026-08-19 22:18:50Z" end-time="2026-08-19 22:18:50Z" duration="0.000167" asserts="0">
                  <properties>
                    <property name="retryIteration" value="0" />
                    <property name="repeatIteration" value="0" />
                  </properties>
                </test-case>
                <test-case id="1024" name="Parse_H3_ProducesHeadingNodeWithLevel3" fullname="Warlogic.Utils.Markdown.Tests.BlockParserTests.Parse_H3_ProducesHeadingNodeWithLevel3" methodname="Parse_H3_ProducesHeadingNodeWithLevel3" classname="Warlogic.Utils.Markdown.Tests.BlockParserTests" runstate="Runnable" seed="2083881257" result="Passed" start-time="2026-08-19 22:18:50Z" end-time="2026-08-19 22:18:50Z" duration="0.000138" asserts="0">
                  <properties>
                    <property name="retryIteration" value="0" />
                    <property name="repeatIteration" value="0" />
                  </properties>
                </test-case>
                <test-case id="1038" name="Parse_HeadingWithInlineFormatting_InlineIsParsed" fullname="Warlogic.Utils.Markdown.Tests.BlockParserTests.Parse_HeadingWithInlineFormatting_InlineIsParsed" methodname="Parse_HeadingWithInlineFormatting_InlineIsParsed" classname="Warlogic.Utils.Markdown.Tests.BlockParserTests" runstate="Runnable" seed="1636641294" result="Passed" start-time="2026-08-19 22:18:50Z" end-time="2026-08-19 22:18:50Z" duration="0.000319" asserts="0">
                  <properties>
                    <property name="retryIteration" value="0" />
                    <property name="repeatIteration" value="0" />
                  </properties>
                </test-case>
                <test-case id="1026" name="Parse_HorizontalRule_ProducesHorizontalRuleNode" fullname="Warlogic.Utils.Markdown.Tests.BlockParserTests.Parse_HorizontalRule_ProducesHorizontalRuleNode" methodname="Parse_HorizontalRule_ProducesHorizontalRuleNode" classname="Warlogic.Utils.Markdown.Tests.BlockParserTests" runstate="Runnable" seed="1165485486" result="Passed" start-time="2026-08-19 22:18:50Z" end-time="2026-08-19 22:18:50Z" duration="0.000168" asserts="0">
                  <properties>
                    <property name="retryIteration" value="0" />
                    <property name="repeatIteration" value="0" />
                  </properties>
                </test-case>
                <test-case id="1036" name="Parse_MultipleBlocks_AllProducedInOrder" fullname="Warlogic.Utils.Markdown.Tests.BlockParserTests.Parse_MultipleBlocks_AllProducedInOrder" methodname="Parse_MultipleBlocks_AllProducedInOrder" classname="Warlogic.Utils.Markdown.Tests.BlockParserTests" runstate="Runnable" seed="446428687" result="Passed" start-time="2026-08-19 22:18:50Z" end-time="2026-08-19 22:18:50Z" duration="0.000252" asserts="0">
                  <properties>
                    <property name="retryIteration" value="0" />
                    <property name="repeatIteration" value="0" />
                  </properties>
                </test-case>
                <test-case id="1031" name="Parse_OrderedList_ProducesListNodeWithMarkersPerItem" fullname="Warlogic.Utils.Markdown.Tests.BlockParserTests.Parse_OrderedList_ProducesListNodeWithMarkersPerItem" methodname="Parse_OrderedList_ProducesListNodeWithMarkersPerItem" classname="Warlogic.Utils.Markdown.Tests.BlockParserTests" runstate="Runnable" seed="1074847014" result="Passed" start-time="2026-08-19 22:18:50Z" end-time="2026-08-19 22:18:50Z" duration="0.000399" asserts="0">
                  <properties>
                    <property name="retryIteration" value="0" />
                    <property name="repeatIteration" value="0" />
                  </properties>
                </test-case>
                <test-case id="1025" name="Parse_Paragraph_ProducesParagraphNode" fullname="Warlogic.Utils.Markdown.Tests.BlockParserTests.Parse_Paragraph_ProducesParagraphNode" methodname="Parse_Paragraph_ProducesParagraphNode" classname="Warlogic.Utils.Markdown.Tests.BlockParserTests" runstate="Runnable" seed="402774454" result="Passed" start-time="2026-08-19 22:18:50Z" end-time="2026-08-19 22:18:50Z" duration="0.000243" asserts="0">
                  <properties>
                    <property name="retryIteration" value="0" />
                    <property name="repeatIteration" value="0" />
                  </properties>
                </test-case>
                <test-case id="1037" name="Parse_ParagraphWithBoldText_InlineContainsBoldNode" fullname="Warlogic.Utils.Markdown.Tests.BlockParserTests.Parse_ParagraphWithBoldText_InlineContainsBoldNode" methodname="Parse_ParagraphWithBoldText_InlineContainsBoldNode" classname="Warlogic.Utils.Markdown.Tests.BlockParserTests" runstate="Runnable" seed="1103044029" result="Passed" start-time="2026-08-19 22:18:50Z" end-time="2026-08-19 22:18:50Z" duration="0.000252" asserts="0">
                  <properties>
                    <property name="retryIteration" value="0" />
                    <property name="repeatIteration" value="0" />
                  </properties>
                </test-case>
                <test-case id="1032" name="Parse_Table_ProducesTableNode" fullname="Warlogic.Utils.Markdown.Tests.BlockParserTests.Parse_Table_ProducesTableNode" methodname="Parse_Table_ProducesTableNode" classname="Warlogic.Utils.Markdown.Tests.BlockParserTests" runstate="Runnable" seed="1500192321" result="Passed" start-time="2026-08-19 22:18:50Z" end-time="2026-08-19 22:18:50Z" duration="0.000850" asserts="0">
                  <properties>
                    <property name="retryIteration" value="0" />
                    <property name="repeatIteration" value="0" />
                  </properties>
                </test-case>
                <test-case id="1033" name="Parse_TableFirstRow_IsMarkedAsHeader" fullname="Warlogic.Utils.Markdown.Tests.BlockParserTests.Parse_TableFirstRow_IsMarkedAsHeader" methodname="Parse_TableFirstRow_IsMarkedAsHeader" classname="Warlogic.Utils.Markdown.Tests.BlockParserTests" runstate="Runnable" seed="2142746217" result="Passed" start-time="2026-08-19 22:18:50Z" end-time="2026-08-19 22:18:50Z" duration="0.000190" asserts="0">
                  <properties>
                    <property name="retryIteration" value="0" />
                    <property name="repeatIteration" value="0" />
                  </properties>
                </test-case>
                <test-case id="1035" name="Parse_TableRow_CellsAreParsedCorrectly" fullname="Warlogic.Utils.Markdown.Tests.BlockParserTests.Parse_TableRow_CellsAreParsedCorrectly" methodname="Parse_TableRow_CellsAreParsedCorrectly" classname="Warlogic.Utils.Markdown.Tests.BlockParserTests" runstate="Runnable" seed="584029389" result="Passed" start-time="2026-08-19 22:18:50Z" end-time="2026-08-19 22:18:50Z" duration="0.000175" asserts="0">
                  <properties>
                    <property name="retryIteration" value="0" />
                    <property name="repeatIteration" value="0" />
                  </properties>
                </test-case>
                <test-case id="1034" name="Parse_TableSeparatorRow_IsSkipped" fullname="Warlogic.Utils.Markdown.Tests.BlockParserTests.Parse_TableSeparatorRow_IsSkipped" methodname="Parse_TableSeparatorRow_IsSkipped" classname="Warlogic.Utils.Markdown.Tests.BlockParserTests" runstate="Runnable" seed="2139021116" result="Passed" start-time="2026-08-19 22:18:50Z" end-time="2026-08-19 22:18:50Z" duration="0.000164" asserts="0">
                  <properties>
                    <property name="retryIteration" value="0" />
                    <property name="repeatIteration" value="0" />
                  </properties>
                </test-case>
                <test-case id="1030" name="Parse_UnorderedList_ProducesListNodeWithCorrectItemCount" fullname="Warlogic.Utils.Markdown.Tests.BlockParserTests.Parse_UnorderedList_ProducesListNodeWithCorrectItemCount" methodname="Parse_UnorderedList_ProducesListNodeWithCorrectItemCount" classname="Warlogic.Utils.Markdown.Tests.BlockParserTests" runstate="Runnable" seed="676687620" result="Passed" start-time="2026-08-19 22:18:50Z" end-time="2026-08-19 22:18:50Z" duration="0.000247" asserts="0">
                  <properties>
                    <property name="retryIteration" value="0" />
                    <property name="repeatIteration" value="0" />
                  </properties>
                </test-case>
              </test-suite>
              <test-suite type="TestFixture" id="1039" name="InlineParserTests" fullname="Warlogic.Utils.Markdown.Tests.InlineParserTests" classname="Warlogic.Utils.Markdown.Tests.InlineParserTests" runstate="Runnable" testcasecount="12" result="Passed" start-time="2026-08-19 22:18:50Z" end-time="2026-08-19 22:18:50Z" duration="0.005371" total="12" passed="12" failed="0" inconclusive="0" skipped="0" asserts="0">
                <properties />
                <test-case id="1042" name="Parse_Bold_ReturnsBoldNodeWithTextChild" fullname="Warlogic.Utils.Markdown.Tests.InlineParserTests.Parse_Bold_ReturnsBoldNodeWithTextChild" methodname="Parse_Bold_ReturnsBoldNodeWithTextChild" classname="Warlogic.Utils.Markdown.Tests.InlineParserTests" runstate="Runnable" seed="368461976" result="Passed" start-time="2026-08-19 22:18:50Z" end-time="2026-08-19 22:18:50Z" duration="0.000312" asserts="0">
                  <properties>
                    <property name="retryIteration" value="0" />
                    <property name="repeatIteration" value="0" />
                  </properties>
                </test-case>
                <test-case id="1050" name="Parse_BoldContentPreservedInChildren" fullname="Warlogic.Utils.Markdown.Tests.InlineParserTests.Parse_BoldContentPreservedInChildren" methodname="Parse_BoldContentPreservedInChildren" classname="Warlogic.Utils.Markdown.Tests.InlineParserTests" runstate="Runnable" seed="1395397902" result="Passed" start-time="2026-08-19 22:18:50Z" end-time="2026-08-19 22:18:50Z" duration="0.000215" asserts="0">
                  <properties>
                    <property name="retryIteration" value="0" />
                    <property name="repeatIteration" value="0" />
                  </properties>
                </test-case>
                <test-case id="1046" name="Parse_BoldInsideItalic_ProducesNestedStructure" fullname="Warlogic.Utils.Markdown.Tests.InlineParserTests.Parse_BoldInsideItalic_ProducesNestedStructure" methodname="Parse_BoldInsideItalic_ProducesNestedStructure" classname="Warlogic.Utils.Markdown.Tests.InlineParserTests" runstate="Runnable" seed="2114069167" result="Passed" start-time="2026-08-19 22:18:50Z" end-time="2026-08-19 22:18:50Z" duration="0.000289" asserts="0">
                  <properties>
                    <property name="retryIteration" value="0" />
                    <property name="repeatIteration" value="0" />
                  </properties>
                </test-case>
                <test-case id="1048" name="Parse_CodeSpanPreservesInnerAsterisks" fullname="Warlogic.Utils.Markdown.Tests.InlineParserTests.Parse_CodeSpanPreservesInnerAsterisks" methodname="Parse_CodeSpanPreservesInnerAsterisks" classname="Warlogic.Utils.Markdown.Tests.InlineParserTests" runstate="Runnable" seed="979647177" result="Passed" start-time="2026-08-19 22:18:50Z" end-time="2026-08-19 22:18:50Z" duration="0.000261" asserts="0">
                  <properties>
                    <property name="retryIteration" value="0" />
                    <property name="repeatIteration" value="0" />
                  </properties>
                </test-case>
                <test-case id="1040" name="Parse_EmptyString_ReturnsEmptyList" fullname="Warlogic.Utils.Markdown.Tests.InlineParserTests.Parse_EmptyString_ReturnsEmptyList" methodname="Parse_EmptyString_ReturnsEmptyList" classname="Warlogic.Utils.Markdown.Tests.InlineParserTests" runstate="Runnable" seed="1853803806" result="Passed" start-time="2026-08-19 22:18:50Z" end-time="2026-08-19 22:18:50Z" duration="0.000221" asserts="0">
                  <properties>
                    <property name="retryIteration" value="0" />
                    <property name="repeatIteration" value="0" />
                  </properties>
                </test-case>
                <test-case id="1044" name="Parse_InlineCode_ReturnsCodeSpanNodeWithContent" fullname="Warlogic.Utils.Markdown.Tests.InlineParserTests.Parse_InlineCode_ReturnsCodeSpanNodeWithContent" methodname="Parse_InlineCode_ReturnsCodeSpanNodeWithContent" classname="Warlogic.Utils.Markdown.Tests.InlineParserTests" runstate="Runnable" seed="1964860980" result="Passed" start-time="2026-08-19 22:18:50Z" end-time="2026-08-19 22:18:50Z" duration="0.000199" asserts="0">
                  <properties>
                    <property name="retryIteration" value="0" />
                    <property name="repeatIteration" value="0" />
                  </properties>
                </test-case>
                <test-case id="1043" name="Parse_Italic_ReturnsItalicNodeWithTextChild" fullname="Warlogic.Utils.Markdown.Tests.InlineParserTests.Parse_Italic_ReturnsItalicNodeWithTextChild" methodname="Parse_Italic_ReturnsItalicNodeWithTextChild" classname="Warlogic.Utils.Markdown.Tests.InlineParserTests" runstate="Runnable" seed="1362074782" result="Passed" start-time="2026-08-19 22:18:50Z" end-time="2026-08-19 22:18:50Z" duration="0.000227" asserts="0">
                  <properties>
                    <property name="retryIteration" value="0" />
                    <property name="repeatIteration" value="0" />
                  </properties>
                </test-case>
                <test-case id="1051" name="Parse_ItalicContentPreservedInChildren" fullname="Warlogic.Utils.Markdown.Tests.InlineParserTests.Parse_ItalicContentPreservedInChildren" methodname="Parse_ItalicContentPreservedInChildren" classname="Warlogic.Utils.Markdown.Tests.InlineParserTests" runstate="Runnable" seed="110171985" result="Passed" start-time="2026-08-19 22:18:50Z" end-time="2026-08-19 22:18:50Z" duration="0.000217" asserts="0">
                  <properties>
                    <property name="retryIteration" value="0" />
                    <property name="repeatIteration" value="0" />
                  </properties>
                </test-case>
                <test-case id="1047" name="Parse_MultipleBoldSpans_ParsesAll" fullname="Warlogic.Utils.Markdown.Tests.InlineParserTests.Parse_MultipleBoldSpans_ParsesAll" methodname="Parse_MultipleBoldSpans_ParsesAll" classname="Warlogic.Utils.Markdown.Tests.InlineParserTests" runstate="Runnable" seed="112786322" result="Passed" start-time="2026-08-19 22:18:50Z" end-time="2026-08-19 22:18:50Z" duration="0.000236" asserts="0">
                  <properties>
                    <property name="retryIteration" value="0" />
                    <property name="repeatIteration" value="0" />
                  </properties>
                </test-case>
                <test-case id="1041" name="Parse_PlainText_ReturnsSingleTextNode" fullname="Warlogic.Utils.Markdown.Tests.InlineParserTests.Parse_PlainText_ReturnsSingleTextNode" methodname="Parse_PlainText_ReturnsSingleTextNode" classname="Warlogic.Utils.Markdown.Tests.InlineParserTests" runstate="Runnable" seed="273286792" result="Passed" start-time="2026-08-19 22:18:50Z" end-time="2026-08-19 22:18:50Z" duration="0.000228" asserts="0">
                  <properties>
                    <property name="retryIteration" value="0" />
                    <property name="repeatIteration" value="0" />
                  </properties>
                </test-case>
                <test-case id="1045" name="Parse_TextAroundBold_ReturnsTextBoldTextNodes" fullname="Warlogic.Utils.Markdown.Tests.InlineParserTests.Parse_TextAroundBold_ReturnsTextBoldTextNodes" methodname="Parse_TextAroundBold_ReturnsTextBoldTextNodes" classname="Warlogic.Utils.Markdown.Tests.InlineParserTests" runstate="Runnable" seed="1423831163" result="Passed" start-time="2026-08-19 22:18:50Z" end-time="2026-08-19 22:18:50Z" duration="0.000226" asserts="0">
                  <properties>
                    <property name="retryIteration" value="0" />
                    <property name="repeatIteration" value="0" />
                  </properties>
                </test-case>
                <test-case id="1049" name="Parse_UnclosedBacktick_TreatsBacktickAsLiteralText" fullname="Warlogic.Utils.Markdown.Tests.InlineParserTests.Parse_UnclosedBacktick_TreatsBacktickAsLiteralText" methodname="Parse_UnclosedBacktick_TreatsBacktickAsLiteralText" classname="Warlogic.Utils.Markdown.Tests.InlineParserTests" runstate="Runnable" seed="438634438" result="Passed" start-time="2026-08-19 22:18:50Z" end-time="2026-08-19 22:18:50Z" duration="0.000215" asserts="0">
                  <properties>
                    <property name="retryIteration" value="0" />
                    <property name="repeatIteration" value="0" />
                  </properties>
                </test-case>
              </test-suite>
              <test-suite type="TestFixture" id="1052" name="LexerTests" fullname="Warlogic.Utils.Markdown.Tests.LexerTests" classname="Warlogic.Utils.Markdown.Tests.LexerTests" runstate="Runnable" testcasecount="21" result="Passed" start-time="2026-08-19 22:18:50Z" end-time="2026-08-19 22:18:50Z" duration="0.007966" total="21" passed="21" failed="0" inconclusive="0" skipped="0" asserts="0">
                <properties />
                <test-case id="1062" name="Classify_CodeFence_ReturnsCodeFenceWithEmptyContent" fullname="Warlogic.Utils.Markdown.Tests.LexerTests.Classify_CodeFence_ReturnsCodeFenceWithEmptyContent" methodname="Classify_CodeFence_ReturnsCodeFenceWithEmptyContent" classname="Warlogic.Utils.Markdown.Tests.LexerTests" runstate="Runnable" seed="152147353" result="Passed" start-time="2026-08-19 22:18:50Z" end-time="2026-08-19 22:18:50Z" duration="0.000842" asserts="0">
                  <properties>
                    <property name="retryIteration" value="0" />
                    <property name="repeatIteration" value="0" />
                  </properties>
                </test-case>
                <test-case id="1063" name="Classify_CodeFenceWithLanguage_CapturesLanguageInContent" fullname="Warlogic.Utils.Markdown.Tests.LexerTests.Classify_CodeFenceWithLanguage_CapturesLanguageInContent" methodname="Classify_CodeFenceWithLanguage_CapturesLanguageInContent" classname="Warlogic.Utils.Markdown.Tests.LexerTests" runstate="Runnable" seed="417808073" result="Passed" start-time="2026-08-19 22:18:50Z" end-time="2026-08-19 22:18:50Z" duration="0.000166" asserts="0">
                  <properties>
                    <property name="retryIteration" value="0" />
                    <property name="repeatIteration" value="0" />
                  </properties>
                </test-case>
                <test-case id="1053" name="Classify_EmptyLine_ReturnsBlank" fullname="Warlogic.Utils.Markdown.Tests.LexerTests.Classify_EmptyLine_ReturnsBlank" methodname="Classify_EmptyLine_ReturnsBlank" classname="Warlogic.Utils.Markdown.Tests.LexerTests" runstate="Runnable" seed="1417009780" result="Passed" start-time="2026-08-19 22:18:50Z" end-time="2026-08-19 22:18:50Z" duration="0.000142" asserts="0">
                  <properties>
                    <property name="retryIteration" value="0" />
                    <property name="repeatIteration" value="0" />
                  </properties>
                </test-case>
                <test-case id="1055" name="Classify_H1_ReturnsHeadingWithLevel1AndContent" fullname="Warlogic.Utils.Markdown.Tests.LexerTests.Classify_H1_ReturnsHeadingWithLevel1AndContent" methodname="Classify_H1_ReturnsHeadingWithLevel1AndContent" classname="Warlogic.Utils.Markdown.Tests.LexerTests" runstate="Runnable" seed="689743923" result="Passed" start-time="2026-08-19 22:18:50Z" end-time="2026-08-19 22:18:50Z" duration="0.000163" asserts="0">
                  <properties>
                    <property name="retryIteration" value="0" />
                    <property name="repeatIteration" value="0" />
                  </properties>
                </test-case>
                <test-case id="1056" name="Classify_H2_ReturnsHeadingWithLevel2" fullname="Warlogic.Utils.Markdown.Tests.LexerTests.Classify_H2_ReturnsHeadingWithLevel2" methodname="Classify_H2_ReturnsHeadingWithLevel2" classname="Warlogic.Utils.Markdown.Tests.LexerTests" runstate="Runnable" seed="1525392606" result="Passed" start-time="2026-08-19 22:18:50Z" end-time="2026-08-19 22:18:50Z" duration="0.000153" asserts="0">
                  <properties>
                    <property name="retryIteration" value="0" />
                    <property name="repeatIteration" value="0" />
                  </properties>
                </test-case>
                <test-case id="1057" name="Classify_H3_ReturnsHeadingWithLevel3" fullname="Warlogic.Utils.Markdown.Tests.LexerTests.Classify_H3_ReturnsHeadingWithLevel3" methodname="Classify_H3_ReturnsHeadingWithLevel3" classname="Warlogic.Utils.Markdown.Tests.LexerTests" runstate="Runnable" seed="1395450217" result="Passed" start-time="2026-08-19 22:18:50Z" end-time="2026-08-19 22:18:50Z" duration="0.000152" asserts="0">
                  <properties>
                    <property name="retryIteration" value="0" />
                    <property name="repeatIteration" value="0" />
                  </properties>
                </test-case>
                <test-case id="1058" name="Classify_H4_TreatedAsText" fullname="Warlogic.Utils.Markdown.Tests.LexerTests.Classify_H4_TreatedAsText" methodname="Classify_H4_TreatedAsText" classname="Warlogic.Utils.Markdown.Tests.LexerTests" runstate="Runnable" seed="1931685699" result="Passed" start-time="2026-08-19 22:18:50Z" end-time="2026-08-19 22:18:50Z" duration="0.000161" asserts="0">
                  <properties>
                    <property name="retryIteration" value="0" />
                    <property name="repeatIteration" value="0" />
                  </properties>
                </test-case>
                <test-case id="1060" name="Classify_HrAsterisks_ReturnsHorizontalRule" fullname="Warlogic.Utils.Markdown.Tests.LexerTests.Classify_HrAsterisks_ReturnsHorizontalRule" methodname="Classify_HrAsterisks_ReturnsHorizontalRule" classname="Warlogic.Utils.Markdown.Tests.LexerTests" runstate="Runnable" seed="531936683" result="Passed" start-time="2026-08-19 22:18:50Z" end-time="2026-08-19 22:18:50Z" duration="0.000142" asserts="0">
                  <properties>
                    <property name="retryIteration" value="0" />
                    <property name="repeatIteration" value="0" />
                  </properties>
                </test-case>
                <test-case id="1059" name="Classify_HrDashes_ReturnsHorizontalRule" fullname="Warlogic.Utils.Markdown.Tests.LexerTests.Classify_HrDashes_ReturnsHorizontalRule" methodname="Classify_HrDashes_ReturnsHorizontalRule" classname="Warlogic.Utils.Markdown.Tests.LexerTests" runstate="Runnable" seed="1374500633" result="Passed" start-time="2026-08-19 22:18:50Z" end-time="2026-08-19 22:18:50Z" duration="0.000124" asserts="0">
                  <properties>
                    <property name="retryIteration" value="0" />
                    <property name="repeatIteration" value="0" />
                  </properties>
                </test-case>
                <test-case id="1061" name="Classify_HrUnderscores_ReturnsHorizontalRule" fullname="Warlogic.Utils.Markdown.Tests.LexerTests.Classify_HrUnderscores_ReturnsHorizontalRule" methodname="Classify_HrUnderscores_ReturnsHorizontalRule" classname="Warlogic.Utils.Markdown.Tests.LexerTests" runstate="Runnable" seed="1030670674" result="Passed" start-time="2026-08-19 22:18:50Z" end-time="2026-08-19 22:18:50Z" duration="0.000133" asserts="0">
                  <properties>
                    <property name="retryIteration" value="0" />
                    <property name="repeatIteration" value="0" />
                  </properties>
                </test-case>
                <test-case id="1067" name="Classify_OrderedListItem_ReturnsOrderedListItemWithContentAndMarker" fullname="Warlogic.Utils.Markdown.Tests.LexerTests.Classify_OrderedListItem_ReturnsOrderedListItemWithContentAndMarker" methodname="Classify_OrderedListItem_ReturnsOrderedListItemWithContentAndMarker" classname="Warlogic.Utils.Markdown.Tests.LexerTests" runstate="Runnable" seed="519504522" result="Passed" start-time="2026-08-19 22:18:50Z" end-time="2026-08-19 22:18:50Z" duration="0.000187" asserts="0">
                  <properties>
                    <property name="retryIteration" value="0" />
                    <property name="repeatIteration" value="0" />
                  </properties>
                </test-case>
                <test-case id="1068" name="Classify_OrderedListItemHigherNumber_CapturesMarkerCorrectly" fullname="Warlogic.Utils.Markdown.Tests.LexerTests.Classify_OrderedListItemHigherNumber_CapturesMarkerCorrectly" methodname="Classify_OrderedListItemHigherNumber_CapturesMarkerCorrectly" classname="Warlogic.Utils.Markdown.Tests.LexerTests" runstate="Runnable" seed="562355020" result="Passed" start-time="2026-08-19 22:18:50Z" end-time="2026-08-19 22:18:50Z" duration="0.000188" asserts="0">
                  <properties>
                    <property name="retryIteration" value="0" />
                    <property name="repeatIteration" value="0" />
                  </properties>
                </test-case>
                <test-case id="1069" name="Classify_RegularText_ReturnsText" fullname="Warlogic.Utils.Markdown.Tests.LexerTests.Classify_RegularText_ReturnsText" methodname="Classify_RegularText_ReturnsText" classname="Warlogic.Utils.Markdown.Tests.LexerTests" runstate="Runnable" seed="1740933434" result="Passed" start-time="2026-08-19 22:18:50Z" end-time="2026-08-19 22:18:50Z" duration="0.000161" asserts="0">
                  <properties>
                    <property name="retryIteration" value="0" />
                    <property name="repeatIteration" value="0" />
                  </properties>
                </test-case>
                <test-case id="1064" name="Classify_TableRow_ReturnsTableRow" fullname="Warlogic.Utils.Markdown.Tests.LexerTests.Classify_TableRow_ReturnsTableRow" methodname="Classify_TableRow_ReturnsTableRow" classname="Warlogic.Utils.Markdown.Tests.LexerTests" runstate="Runnable" seed="505802217" result="Passed" start-time="2026-08-19 22:18:50Z" end-time="2026-08-19 22:18:50Z" duration="0.000146" asserts="0">
                  <properties>
                    <property name="retryIteration" value="0" />
                    <property name="repeatIteration" value="0" />
                  </properties>
                </test-case>
                <test-case id="1066" name="Classify_UnorderedListAsterisk_ReturnsUnorderedListItemWithContent" fullname="Warlogic.Utils.Markdown.Tests.LexerTests.Classify_UnorderedListAsterisk_ReturnsUnorderedListItemWithContent" methodname="Classify_UnorderedListAsterisk_ReturnsUnorderedListItemWithContent" classname="Warlogic.Utils.Markdown.Tests.LexerTests" runstate="Runnable" seed="1525826953" result="Passed" start-time="2026-08-19 22:18:50Z" end-time="2026-08-19 22:18:50Z" duration="0.000163" asserts="0">
                  <properties>
                    <property name="retryIteration" value="0" />
                    <property name="repeatIteration" value="0" />
                  </properties>
                </test-case>
                <test-case id="1065" name="Classify_UnorderedListDash_ReturnsUnorderedListItemWithContent" fullname="Warlogic.Utils.Markdown.Tests.LexerTests.Classify_UnorderedListDash_ReturnsUnorderedListItemWithContent" methodname="Classify_UnorderedListDash_ReturnsUnorderedListItemWithContent" classname="Warlogic.Utils.Markdown.Tests.LexerTests" runstate="Runnable" seed="1312709339" result="Passed" start-time="2026-08-19 22:18:50Z" end-time="2026-08-19 22:18:50Z" duration="0.000156" asserts="0">
                  <properties>
                    <property name="retryIteration" value="0" />
                    <property name="repeatIteration" value="0" />
                  </properties>
                </test-case>
                <test-case id="1054" name="Classify_WhitespaceOnly_ReturnsBlank" fullname="Warlogic.Utils.Markdown.Tests.LexerTests.Classify_WhitespaceOnly_ReturnsBlank" methodname="Classify_WhitespaceOnly_ReturnsBlank" classname="Warlogic.Utils.Markdown.Tests.LexerTests" runstate="Runnable" seed="1294373883" result="Passed" start-time="2026-08-19 22:18:50Z" end-time="2026-08-19 22:18:50Z" duration="0.000147" asserts="0">
                  <properties>
                    <property name="retryIteration" value="0" />
                    <property name="repeatIteration" value="0" />
                  </properties>
                </test-case>
                <test-case id="1073" name="Tokenize_MixedLineTypes_ClassifiesEachLineCorrectly" fullname="Warlogic.Utils.Markdown.Tests.LexerTests.Tokenize_MixedLineTypes_ClassifiesEachLineCorrectly" methodname="Tokenize_MixedLineTypes_ClassifiesEachLineCorrectly" classname="Warlogic.Utils.Markdown.Tests.LexerTests" runstate="Runnable" seed="918319072" result="Passed" start-time="2026-08-19 22:18:50Z" end-time="2026-08-19 22:18:50Z" duration="0.000244" asserts="0">
                  <properties>
                    <property name="retryIteration" value="0" />
                    <property name="repeatIteration" value="0" />
                  </properties>
                </test-case>
                <test-case id="1070" name="Tokenize_MultilineText_ReturnsOneEntryPerLine" fullname="Warlogic.Utils.Markdown.Tests.LexerTests.Tokenize_MultilineText_ReturnsOneEntryPerLine" methodname="Tokenize_MultilineText_ReturnsOneEntryPerLine" classname="Warlogic.Utils.Markdown.Tests.LexerTests" runstate="Runnable" seed="1439826832" result="Passed" start-time="2026-08-19 22:18:50Z" end-time="2026-08-19 22:18:50Z" duration="0.000156" asserts="0">
                  <properties>
                    <property name="retryIteration" value="0" />
                    <property name="repeatIteration" value="0" />
                  </properties>
                </test-case>
                <test-case id="1072" name="Tokenize_TrailingNewline_ProducesBlankLastLine" fullname="Warlogic.Utils.Markdown.Tests.LexerTests.Tokenize_TrailingNewline_ProducesBlankLastLine" methodname="Tokenize_TrailingNewline_ProducesBlankLastLine" classname="Warlogic.Utils.Markdown.Tests.LexerTests" runstate="Runnable" seed="1775302780" result="Passed" start-time="2026-08-19 22:18:50Z" end-time="2026-08-19 22:18:50Z" duration="0.000142" asserts="0">
                  <properties>
                    <property name="retryIteration" value="0" />
                    <property name="repeatIteration" value="0" />
                  </properties>
                </test-case>
                <test-case id="1071" name="Tokenize_WindowsCRLF_HandledCorrectly" fullname="Warlogic.Utils.Markdown.Tests.LexerTests.Tokenize_WindowsCRLF_HandledCorrectly" methodname="Tokenize_WindowsCRLF_HandledCorrectly" classname="Warlogic.Utils.Markdown.Tests.LexerTests" runstate="Runnable" seed="1855021330" result="Passed" start-time="2026-08-19 22:18:50Z" end-time="2026-08-19 22:18:50Z" duration="0.000107" asserts="0">
                  <properties>
                    <property name="retryIteration" value="0" />
                    <property name="repeatIteration" value="0" />
                  </properties>
                </test-case>
              </test-suite>
              <test-suite type="TestFixture" id="1074" name="RendererTests" fullname="Warlogic.Utils.Markdown.Tests.RendererTests" classname="Warlogic.Utils.Markdown.Tests.RendererTests" runstate="Runnable" testcasecount="9" result="Passed" start-time="2026-08-19 22:18:50Z" end-time="2026-08-19 22:18:50Z" duration="0.039843" total="9" passed="9" failed="0" inconclusive="0" skipped="0" asserts="0">
                <properties />
                <test-case id="1079" name="Render_CodeBlock_ProducesChildElement" fullname="Warlogic.Utils.Markdown.Tests.RendererTests.Render_CodeBlock_ProducesChildElement" methodname="Render_CodeBlock_ProducesChildElement" classname="Warlogic.Utils.Markdown.Tests.RendererTests" runstate="Runnable" seed="966129735" result="Passed" start-time="2026-08-19 22:18:50Z" end-time="2026-08-19 22:18:50Z" duration="0.030829" asserts="0">
                  <properties>
                    <property name="retryIteration" value="0" />
                    <property name="repeatIteration" value="0" />
                  </properties>
                </test-case>
                <test-case id="1075" name="Render_EmptyDocument_ReturnsNonNullVisualElement" fullname="Warlogic.Utils.Markdown.Tests.RendererTests.Render_EmptyDocument_ReturnsNonNullVisualElement" methodname="Render_EmptyDocument_ReturnsNonNullVisualElement" classname="Warlogic.Utils.Markdown.Tests.RendererTests" runstate="Runnable" seed="138788977" result="Passed" start-time="2026-08-19 22:18:50Z" end-time="2026-08-19 22:18:50Z" duration="0.000215" asserts="0">
                  <properties>
                    <property name="retryIteration" value="0" />
                    <property name="repeatIteration" value="0" />
                  </properties>
                </test-case>
                <test-case id="1083" name="Render_FullPipeline_ProducesNonNullResult" fullname="Warlogic.Utils.Markdown.Tests.RendererTests.Render_FullPipeline_ProducesNonNullResult" methodname="Render_FullPipeline_ProducesNonNullResult" classname="Warlogic.Utils.Markdown.Tests.RendererTests" runstate="Runnable" seed="725675547" result="Passed" start-time="2026-08-19 22:18:50Z" end-time="2026-08-19 22:18:50Z" duration="0.002849" asserts="0">
                  <properties>
                    <property name="retryIteration" value="0" />
                    <property name="repeatIteration" value="0" />
                  </properties>
                </test-case>
                <test-case id="1076" name="Render_Heading_ProducesChildElement" fullname="Warlogic.Utils.Markdown.Tests.RendererTests.Render_Heading_ProducesChildElement" methodname="Render_Heading_ProducesChildElement" classname="Warlogic.Utils.Markdown.Tests.RendererTests" runstate="Runnable" seed="362555603" result="Passed" start-time="2026-08-19 22:18:50Z" end-time="2026-08-19 22:18:50Z" duration="0.000218" asserts="0">
                  <properties>
                    <property name="retryIteration" value="0" />
                    <property name="repeatIteration" value="0" />
                  </properties>
                </test-case>
                <test-case id="1078" name="Render_HorizontalRule_ProducesChildElement" fullname="Warlogic.Utils.Markdown.Tests.RendererTests.Render_HorizontalRule_ProducesChildElement" methodname="Render_HorizontalRule_ProducesChildElement" classname="Warlogic.Utils.Markdown.Tests.RendererTests" runstate="Runnable" seed="8237583" result="Passed" start-time="2026-08-19 22:18:50Z" end-time="2026-08-19 22:18:50Z" duration="0.000261" asserts="0">
                  <properties>
                    <property name="retryIteration" value="0" />
                    <property name="repeatIteration" value="0" />
                  </properties>
                </test-case>
                <test-case id="1081" name="Render_OrderedList_ProducesChildElement" fullname="Warlogic.Utils.Markdown.Tests.RendererTests.Render_OrderedList_ProducesChildElement" methodname="Render_OrderedList_ProducesChildElement" classname="Warlogic.Utils.Markdown.Tests.RendererTests" runstate="Runnable" seed="817171459" result="Passed" start-time="2026-08-19 22:18:50Z" end-time="2026-08-19 22:18:50Z" duration="0.000291" asserts="0">
                  <properties>
                    <property name="retryIteration" value="0" />
                    <property name="repeatIteration" value="0" />
                  </properties>
                </test-case>
                <test-case id="1077" name="Render_Paragraph_ProducesChildElement" fullname="Warlogic.Utils.Markdown.Tests.RendererTests.Render_Paragraph_ProducesChildElement" methodname="Render_Paragraph_ProducesChildElement" classname="Warlogic.Utils.Markdown.Tests.RendererTests" runstate="Runnable" seed="738819325" result="Passed" start-time="2026-08-19 22:18:50Z" end-time="2026-08-19 22:18:50Z" duration="0.000256" asserts="0">
                  <properties>
                    <property name="retryIteration" value="0" />
                    <property name="repeatIteration" value="0" />
                  </properties>
                </test-case>
                <test-case id="1082" name="Render_Table_ProducesChildElement" fullname="Warlogic.Utils.Markdown.Tests.RendererTests.Render_Table_ProducesChildElement" methodname="Render_Table_ProducesChildElement" classname="Warlogic.Utils.Markdown.Tests.RendererTests" runstate="Runnable" seed="1057386538" result="Passed" start-time="2026-08-19 22:18:50Z" end-time="2026-08-19 22:18:50Z" duration="0.002997" asserts="0">
                  <properties>
                    <property name="retryIteration" value="0" />
                    <property name="repeatIteration" value="0" />
                  </properties>
                </test-case>
                <test-case id="1080" name="Render_UnorderedList_ProducesChildElement" fullname="Warlogic.Utils.Markdown.Tests.RendererTests.Render_UnorderedList_ProducesChildElement" methodname="Render_UnorderedList_ProducesChildElement" classname="Warlogic.Utils.Markdown.Tests.RendererTests" runstate="Runnable" seed="1040731550" result="Passed" start-time="2026-08-19 22:18:50Z" end-time="2026-08-19 22:18:50Z" duration="0.000292" asserts="0">
                  <properties>
                    <property name="retryIteration" value="0" />
                    <property name="repeatIteration" value="0" />
                  </properties>
                  <output><![CDATA[Saving results to: C:/Users/Warlander/AppData/LocalLow/Warlander/DeedPlanner 3\TestResults.xml
]]></output>
                </test-case>
              </test-suite>
            </test-suite>
          </test-suite>
        </test-suite>
      </test-suite>
    </test-suite>
  </test-suite>
</test-run>